--------------------------------------------------------------------------------
Release 13.2 Trace  (nt)
Copyright (c) 1995-2011 Xilinx, Inc.  All rights reserved.

D:\Programas\XILINX\ISE_DS\ISE\bin\nt\unwrapped\trce.exe -intstyle ise -v 3 -s
3 -n 3 -fastpaths -xml Top_Systmem.twx Top_Systmem.ncd -o Top_Systmem.twr
Top_Systmem.pcf -ucf Atlys_crono.ucf

Design file:              Top_Systmem.ncd
Physical constraint file: Top_Systmem.pcf
Device,package,speed:     xc6slx45,csg324,C,-3 (PRODUCTION 1.19 2011-06-20)
Report level:             verbose report

Environment Variable      Effect 
--------------------      ------ 
NONE                      No environment variables were set
--------------------------------------------------------------------------------

INFO:Timing:2698 - No timing constraints found, doing default enumeration.
INFO:Timing:2752 - To get complete path coverage, use the unconstrained paths 
   option. All paths that are not constrained will be reported in the 
   unconstrained paths section(s) of the report.
INFO:Timing:3339 - The clock-to-out numbers in this timing report are based on 
   a 50 Ohm transmission line loading model.  For the details of this model, 
   and for more information on accounting for different loading conditions, 
   please see the device datasheet.



Data Sheet report:
-----------------
All values displayed in nanoseconds (ns)

Setup/Hold to clock CLK1
------------+------------+------------+------------+------------+------------------+--------+
            |Max Setup to|  Process   |Max Hold to |  Process   |                  | Clock  |
Source      | clk (edge) |   Corner   | clk (edge) |   Corner   |Internal Clock(s) | Phase  |
------------+------------+------------+------------+------------+------------------+--------+
DIO_BTN<1>  |   10.162(R)|      SLOW  |   -1.777(R)|      FAST  |mclk              |   0.000|
DIO_BTN<2>  |    5.120(R)|      SLOW  |   -2.800(R)|      FAST  |mclk              |   0.000|
DIO_SW<1>   |    5.694(R)|      SLOW  |   -2.515(R)|      FAST  |mclk              |   0.000|
------------+------------+------------+------------+------------+------------------+--------+

Clock CLK1 to Pad
------------+-----------------+------------+-----------------+------------+------------------+--------+
            |Max (slowest) clk|  Process   |Min (fastest) clk|  Process   |                  | Clock  |
Destination |  (edge) to PAD  |   Corner   |  (edge) to PAD  |   Corner   |Internal Clock(s) | Phase  |
------------+-----------------+------------+-----------------+------------+------------------+--------+
DIO_LED<1>  |         5.665(R)|      SLOW  |         3.389(R)|      FAST  |mclk              |   0.000|
DIO_LED<2>  |         5.934(R)|      SLOW  |         3.551(R)|      FAST  |mclk              |   0.000|
DIO_LED<3>  |         5.896(R)|      SLOW  |         3.528(R)|      FAST  |mclk              |   0.000|
DIO_LED<4>  |         6.248(R)|      SLOW  |         3.736(R)|      FAST  |mclk              |   0.000|
DIO_LED<5>  |         6.158(R)|      SLOW  |         3.667(R)|      FAST  |mclk              |   0.000|
DIO_LED<6>  |        11.675(R)|      SLOW  |         7.174(R)|      FAST  |mclk              |   0.000|
DIO_LED<7>  |         7.473(R)|      SLOW  |         4.464(R)|      FAST  |mclk              |   0.000|
------------+-----------------+------------+-----------------+------------+------------------+--------+

Clock to Setup on destination clock CLK1
---------------+---------+---------+---------+---------+
               | Src:Rise| Src:Fall| Src:Rise| Src:Fall|
Source Clock   |Dest:Rise|Dest:Rise|Dest:Fall|Dest:Fall|
---------------+---------+---------+---------+---------+
CLK1           |    4.116|         |         |         |
---------------+---------+---------+---------+---------+


Analysis completed Thu Nov 08 21:41:17 2012 
--------------------------------------------------------------------------------

Trace Settings:
-------------------------
Trace Settings 

Peak Memory Usage: 177 MB



