--------------------------------------------------------------------------------
Release 14.2 Trace  (nt)
Copyright (c) 1995-2012 Xilinx, Inc.  All rights reserved.

D:\Programas\XILINX\14.2\ISE_DS\ISE\bin\nt\unwrapped\trce.exe -intstyle ise -v
3 -s 3 -n 3 -fastpaths -xml bin2bcd.twx bin2bcd.ncd -o bin2bcd.twr bin2bcd.pcf

Design file:              bin2bcd.ncd
Physical constraint file: bin2bcd.pcf
Device,package,speed:     xc6slx4,tqg144,C,-3 (PRODUCTION 1.22 2012-07-09)
Report level:             verbose report

Environment Variable      Effect 
--------------------      ------ 
NONE                      No environment variables were set
--------------------------------------------------------------------------------

INFO:Timing:2698 - No timing constraints found, doing default enumeration.
INFO:Timing:3412 - To improve timing, see the Timing Closure User Guide (UG612).
INFO:Timing:2752 - To get complete path coverage, use the unconstrained paths 
   option. All paths that are not constrained will be reported in the 
   unconstrained paths section(s) of the report.
INFO:Timing:3339 - The clock-to-out numbers in this timing report are based on 
   a 50 Ohm transmission line loading model.  For the details of this model, 
   and for more information on accounting for different loading conditions, 
   please see the device datasheet.



Data Sheet report:
-----------------
All values displayed in nanoseconds (ns)

Setup/Hold to clock clk
------------+------------+------------+------------+------------+------------------+--------+
            |Max Setup to|  Process   |Max Hold to |  Process   |                  | Clock  |
Source      | clk (edge) |   Corner   | clk (edge) |   Corner   |Internal Clock(s) | Phase  |
------------+------------+------------+------------+------------+------------------+--------+
Data_bin<0> |    1.370(R)|      SLOW  |    0.077(R)|      SLOW  |clk_BUFGP         |   0.000|
Data_bin<1> |    2.638(R)|      SLOW  |   -0.347(R)|      SLOW  |clk_BUFGP         |   0.000|
Data_bin<2> |    3.192(R)|      SLOW  |   -0.849(R)|      SLOW  |clk_BUFGP         |   0.000|
Data_bin<3> |    2.983(R)|      SLOW  |   -0.570(R)|      SLOW  |clk_BUFGP         |   0.000|
Data_bin<4> |    2.951(R)|      SLOW  |   -0.695(R)|      SLOW  |clk_BUFGP         |   0.000|
Data_bin<5> |    3.123(R)|      SLOW  |   -1.087(R)|      SLOW  |clk_BUFGP         |   0.000|
rst         |    2.407(R)|      SLOW  |    0.716(R)|      SLOW  |clk_BUFGP         |   0.000|
------------+------------+------------+------------+------------+------------------+--------+

Clock clk to Pad
------------+-----------------+------------+-----------------+------------+------------------+--------+
            |Max (slowest) clk|  Process   |Min (fastest) clk|  Process   |                  | Clock  |
Destination |  (edge) to PAD  |   Corner   |  (edge) to PAD  |   Corner   |Internal Clock(s) | Phase  |
------------+-----------------+------------+-----------------+------------+------------------+--------+
Decenas<0>  |         6.406(R)|      SLOW  |         2.995(R)|      FAST  |clk_BUFGP         |   0.000|
Decenas<1>  |         6.346(R)|      SLOW  |         2.935(R)|      FAST  |clk_BUFGP         |   0.000|
Decenas<2>  |         6.346(R)|      SLOW  |         2.935(R)|      FAST  |clk_BUFGP         |   0.000|
Unidades<0> |         6.470(R)|      SLOW  |         3.059(R)|      FAST  |clk_BUFGP         |   0.000|
Unidades<1> |         6.470(R)|      SLOW  |         3.059(R)|      FAST  |clk_BUFGP         |   0.000|
Unidades<2> |         6.529(R)|      SLOW  |         3.118(R)|      FAST  |clk_BUFGP         |   0.000|
Unidades<3> |         6.529(R)|      SLOW  |         3.118(R)|      FAST  |clk_BUFGP         |   0.000|
------------+-----------------+------------+-----------------+------------+------------------+--------+


Analysis completed Thu Oct 25 00:51:39 2012 
--------------------------------------------------------------------------------

Trace Settings:
-------------------------
Trace Settings 

Peak Memory Usage: 140 MB



